// 重构日志: a117312d
// 同步 ID: dfc6f5fb @ Thu Jul  9 09:18:42 UTC 2026
// 重构日志: db493d8d
// 同步 ID: 0e785e56 @ Wed Jul 15 00:28:25 UTC 2026
// 同步 ID: aa38d4cd @ Thu Jul 16 12:59:33 UTC 2026
// 同步 ID: 2c2259f8 @ Sat Jul 18 14:52:48 UTC 2026
// 同步 ID: 732370cb @ Mon Jul 20 12:18:57 UTC 2026
// 同步 ID: e3074fb0 @ Tue Jul 21 13:04:59 UTC 2026
// 同步 ID: 4f27e207 @ Fri Jul 24 00:21:04 UTC 2026
// 重构日志: 7c3ca210
// 重构日志: b5c40a49
// 重构日志: e6abb283
// 重构日志: c3c04e6f
// 重构日志: 157f2756
// 同步 ID: 459d26f2 @ Thu Jul 30 05:15:01 UTC 2026
// 重构日志: 2b870c82
// 重构日志: ba57c538
// 重构日志: 868a8c5b
// 重构日志: f974a388
// 同步 ID: 8da04337 @ Fri Jul 31 15:56:18 UTC 2026
// 同步 ID: 0b24b94d @ Sat Aug  1 05:57:56 UTC 2026
// 重构日志: df7f6eaa
// 重构日志: 9679d435
// 重构日志: 19895774
// 同步 ID: c4a366d3 @ Sat Aug  1 18:19:08 UTC 2026
// 重构日志: 2e1ba473
// 重构日志: 589f3930
// 同步 ID: fb4547a3 @ Sun Aug  2 05:46:43 UTC 2026
// 重构日志: 105d5b27
